npm warn EBADENGINE Unsupported engine {
npm warn EBADENGINE   package: '@renovatebot/pep440@4.2.1',
npm warn EBADENGINE   required: { node: '^20.9.0 || ^22.11.0 || ^24', pnpm: '^10.0.0' },
npm warn EBADENGINE   current: { node: 'v25.9.0', npm: '11.12.1' }
npm warn EBADENGINE }
npm notice Beginning October 4, 2021, all connections to the npm registry - including for package installation - must use TLS 1.2 or higher. You are currently using plaintext http to connect. Please visit the GitHub blog for more information: https://github.blog/2021-08-23-npm-registry-deprecating-tls-1-0-tls-1-1/
npm warn deprecated tar@7.5.7: Old versions of tar are not supported, and contain widely publicized security vulnerabilities, which have been fixed in the current version. Please update. Support for old versions may be purchased (at exorbitant rates) by contacting i@izs.me
Retrieving project…
Deploying shyam-pandeys-projects-108e3b4c/slake-deadlines-met
Uploading [--------------------] (0.0B/444.6KB)
Uploading [=====---------------] (119.5KB/444.6KB)
Uploading [==========----------] (234.0KB/444.6KB)
Uploading [===============-----] (346.0KB/444.6KB)
Uploading [====================] (444.6KB/444.6KB)
Inspect: https://vercel.com/shyam-pandeys-projects-108e3b4c/slake-deadlines-met/4EroaeutLAZ9WfSaCgEZQ8Zv6QNM [7s]
Production: https://slake-deadlines-qmpgadl0g-shyam-pandeys-projects-108e3b4c.vercel.app [7s]
https://slake-deadlines-qmpgadl0g-shyam-pandeys-projects-108e3b4c.vercel.appBuilding...
Building...
Building: Running build in Washington, D.C., USA (East) – iad1
Building: Build machine configuration: 2 cores, 8 GB
Building: Retrieving list of deployment files...
Building: Downloading 1732 deployment files...
Building: Restored build cache from previous deployment (Fuuk1NbskMQf1DznLkDnZZyQZWp3)
Building: Running "vercel build"
Building: Vercel CLI 50.42.0
Building: Installing dependencies...
Building: > deadlinesmet@0.1.0 postinstall
Building: > rm -rf .next
Building: up to date in 1s
Building: 85 packages are looking for funding
Building: run `npm fund` for details
Building: Detected Next.js version: 15.5.14
Building: Running "npm run build"
Building: > deadlinesmet@0.1.0 build
Building: > next build
Building: Attention: Next.js now collects completely anonymous telemetry regarding usage.
Building: This information is used to shape Next.js' roadmap and prioritize features.
Building: You can learn more, including how to opt-out if you'd not like to participate in this anonymous program, by visiting the following URL:
Building: https://nextjs.org/telemetry
Building: ▲ Next.js 15.5.14
Building: - Experiments (use with caution):
Building: ⨯ serverMinification
Building: Creating an optimized production build ...
Building: ⚠ Production code optimization has been disabled in your project. Read more: https://nextjs.org/docs/messages/minification-disabled
Building: ✓ Compiled successfully in 37.3s
Building: Skipping validation of types
Building: Skipping linting
Building: Collecting page data ...
Building: Generating static pages (0/19) ...
Building: Generating static pages (4/19)
Building: Generating static pages (9/19)
Building: Generating static pages (14/19)
Building: ✓ Generating static pages (19/19)
Building: Finalizing page optimization ...
Building: Collecting build traces ...
Building: Route (app)                                 Size  First Load JS
Building: ┌ ○ /                                      58 kB        1.05 MB
Building: ├ ○ /_not-found                          1.62 kB         240 kB
Building: ├ ○ /about                                5.9 kB         713 kB
Building: ├ ƒ /api/sync/whatsapp                     247 B         239 kB
Building: ├ ○ /auth                                6.86 kB         733 kB
Building: ├ ○ /calendar                            9.74 kB         863 kB
Building: ├ ○ /forgot-password                     6.39 kB         444 kB
Building: ├ ○ /history                              275 kB        1.21 MB
Building: ├ ○ /icon.svg                                0 B            0 B
Building: ├ ○ /login                               7.75 kB         726 kB
Building: ├ ○ /manifest.webmanifest                  247 B         239 kB
Building: ├ ○ /reformers                             28 kB         839 kB
Building: ├ ○ /rewards                               21 kB         895 kB
Building: ├ ○ /routine                              224 kB         1.1 MB
Building: ├ ○ /settings                            22.6 kB         792 kB
Building: ├ ○ /signup                                988 B         720 kB
Building: └ ○ /timer                               24.4 kB         784 kB
Building: + First Load JS shared by all             239 kB
Building: ├ chunks/31255-635c7a6f11b20d59.js      120 kB
Building: ├ chunks/4bd1b696-b1859a1547ede82e.js  93.5 kB
Building: ├ chunks/webpack-095228dda433604c.js   24.4 kB
Building: └ other shared chunks (total)            386 B
Building: ○  (Static)   prerendered as static content
Building: ƒ  (Dynamic)  server-rendered on demand
Building: Traced Next.js server files in: 57.714ms
Building: Created all serverless functions in: 982.269ms
Building: Collected static files (public/, static/, .next/static): 91.769ms
Building: Build Completed in /vercel/output [1m]
Building: Deploying outputs...
Building: Deployment completed
Building: Creating build cache...
[2K[1A[2K[GProduction: https://slake-deadlines-qmpgadl0g-shyam-pandeys-projects-108e3b4c.vercel.app [2m]
Completing...
Aliased: https://slake-deadlines-met.vercel.app [2m]

Common next commands:
- `vercel inspect slake-deadlines-qmpgadl0g-shyam-pandeys-projects-108e3b4c.vercel.app --logs`
- `vercel redeploy slake-deadlines-qmpgadl0g-shyam-pandeys-projects-108e3b4c.vercel.app`
